radial rungs: 12  angles per rung: {4}

 piston integrand e_k(d=10) = 1/2[sum om(d)+sum om(L-d)-2 sum om(L/2)] by radius (angle spread shown):
   |k|=0.00000: mean -3.4361e-02  min -3.4361e-02 max -3.4361e-02  angular spread/|mean| 0.00
   |k|=0.00007: mean -3.4365e-02  min -3.4365e-02 max -3.4364e-02  angular spread/|mean| 0.00
   |k|=0.00096: mean -3.4402e-02  min -3.4404e-02 max -3.4399e-02  angular spread/|mean| 0.00
   |k|=0.00552: mean -3.4242e-02  min -3.4258e-02 max -3.4225e-02  angular spread/|mean| 0.00
   |k|=0.01984: mean -3.0828e-02  min -3.0859e-02 max -3.0799e-02  angular spread/|mean| 0.00
   |k|=0.05257: mean -1.9966e-02  min -2.0106e-02 max -1.9816e-02  angular spread/|mean| 0.01
   |k|=0.11190: mean -9.1326e-03  min -9.3500e-03 max -8.9045e-03  angular spread/|mean| 0.05
   |k|=0.20100: mean -3.1915e-03  min -3.3630e-03 max -3.0163e-03  angular spread/|mean| 0.11
   |k|=0.31411: mean -8.4447e-04  min -9.3043e-04 max -7.5892e-04  angular spread/|mean| 0.20
   |k|=0.43545: mean -1.7862e-04  min -2.1056e-04 max -1.4754e-04  angular spread/|mean| 0.35
   |k|=0.54221: mean -4.1434e-05  min -5.3840e-05 max -2.9469e-05  angular spread/|mean| 0.59
   |k|=0.61110: mean -1.7496e-05  min -2.4964e-05 max -1.0200e-05  angular spread/|mean| 0.84

 piston integrand e_k(d=40) = 1/2[sum om(d)+sum om(L-d)-2 sum om(L/2)] by radius (angle spread shown):
   |k|=0.00000: mean -1.9680e-03  min -1.9681e-03 max -1.9679e-03  angular spread/|mean| 0.00
   |k|=0.00007: mean -1.9682e-03  min -1.9682e-03 max -1.9682e-03  angular spread/|mean| 0.00
   |k|=0.00096: mean -1.9693e-03  min -1.9694e-03 max -1.9691e-03  angular spread/|mean| 0.00
   |k|=0.00552: mean -1.9256e-03  min -1.9268e-03 max -1.9244e-03  angular spread/|mean| 0.00
   |k|=0.01984: mean -1.4056e-03  min -1.4084e-03 max -1.4024e-03  angular spread/|mean| 0.00
   |k|=0.05257: mean -3.0141e-04  min -3.3111e-04 max -2.7064e-04  angular spread/|mean| 0.20
   |k|=0.11190: mean -8.2074e-06  min -1.2045e-05 max -4.3905e-06  angular spread/|mean| 0.93
   |k|=0.20100: mean -2.4535e-08  min -4.9675e-08 max -9.5679e-10  angular spread/|mean| 1.99
   |k|=0.31411: mean -9.5497e-12  min -2.0009e-11 max +0.0000e+00  angular spread/|mean| 2.10
   |k|=0.43545: mean +4.5475e-13  min -1.8190e-12 max +3.6380e-12  angular spread/|mean| 12.00
   |k|=0.54221: mean +9.0949e-13  min +0.0000e+00 max +1.8190e-12  angular spread/|mean| 2.00
   |k|=0.61110: mean +4.5475e-13  min -1.8190e-12 max +3.6380e-12  angular spread/|mean| 12.00

 cumulative weighted piston (d=40) by radius:
   |k|=0.00000: +-2.301e-14 -> -1.1158e-15
   |k|=0.00007: +-2.301e-14 -> -2.2317e-15
   |k|=0.00096: +-1.984e-10 -> -9.6241e-12
   |k|=0.00552: +-1.940e-10 -> -1.9032e-11
   |k|=0.01984: +-1.687e-08 -> -8.3724e-10
   |k|=0.05257: +-3.618e-09 -> -1.0127e-09
   |k|=0.11190: +-2.321e-09 -> -1.1252e-09
   |k|=0.20100: +-6.938e-12 -> -1.1256e-09
   |k|=0.31411: +-2.618e-14 -> -1.1256e-09
   |k|=0.43545: ++1.246e-15 -> -1.1256e-09
   |k|=0.54221: ++1.350e-14 -> -1.1256e-09
   |k|=0.61110: ++6.748e-15 -> -1.1256e-09
