THE ENERGY BILL -- what the wave costs, and whether the registry can pay

LEG 1 -- THE MATERIAL-SPEED IDENTITY (the jewel)
  v_m^2/c^2 = sin^2(theta) x T_fibre/T0_f = (2/3)(3/2) = 1.0000000000
  THE MATERIAL POINTS OF THE LEVEL-1 WINDING ORBIT AT EXACTLY c.
  Two registered numbers -- the magic angle's transverse share and the
  dynamical fibre tension -- multiply to ONE. The vacuum's constituents
  move at the medium's own causal speed: marginal, photon-like, an
  identity not a violation (the 6.1x floor prices WAVE speeds; the
  wave speed 1.2247 c was priced at FND-130).

LEG 2 -- THE BILL, per coarse strand per unit axial length (T0 units)
  static bookkeeping (Sigma_vac = 3 T0/a^2): 1.000 per strand
  wave reading, level-1 exact:  E = sqrt(3) x (1 + 1/2) = 2.5981
  wave reading, two-level bracket (path 2.409, kb <= 0.079): E <= 4.5218
  THE DYNAMICAL SHARE (excess over booked / total): [0.615, 0.779]

LEG 3 -- THE REGISTERED WINDOW
  FND-MATTER-041 (the F-2SCALE window verdict) carries a derived
  robustness condition: the surviving arm SURVIVES IFF the zero-point
  share of the vacuum energy is < 0.889.
  The wave winding's dynamical share lands at [0.615, 0.779]:
  **INSIDE THE WINDOW AT BOTH EDGES**, with margin [1.14x, 1.45x].
  THE BILL IS PAYABLE: the perpetual rotation's energy fits inside the
  share the registered matter-route window already reserves for
  non-tension vacuum energy. The wave reading is NOT falsified by the
  energy accounting -- and it gives the zero-point share a mechanical
  identity: the vacuum's 'zero-point energy' IS the winding's rotation.

LEG 4 -- NAMED RESIDUALS, undiluted
  (1) Sigma naming: the wave total (2.6-4.5 T0/a^2-class) is a distinct
      object from Sigma_vac = 3 T0/a^2; the corpus's third naming-
      collision risk, flagged before it collides (EM-020 precedent).
  (2) The two-level KE is BRACKETED, not exact: the composite wave
      build (already queued) owns the exact number.
  (3) The level-1 identity v_m = c is exact at the registered T = 3/2;
      any future re-pricing of the fibre tension moves it off c --
      the identity is a TRIPWIRE on the tension, registered as such.

VERDICT: PRICED-AND-PAYABLE -- the wave survives its own bill
