tau^2 - kappa^2/2 = (3*s - 1)/(2*(R**2 + b**2))    (general R, b; s = b^2/(R^2+b^2))
F_bend (general) = R*k_b*(3*s - 1)/(2*(R**2 + b**2)**2)
F_bend(s) at p = a_f = 4*pi**3*k_b*s**(3/2)*sqrt(1 - s)*(3*s - 1)
division by (3s-1): quotient s  remainder 0
cofactor F_bend/(3s-1) = 4*pi**3*k_b*s**(3/2)*sqrt(1 - s)   zeros on (0,1): [1]  poles: none (polynomial x sqrt)
COMMISSION MAINT -- static equilibrium without contact, or dynamical?

LEG 0 -- GEOMETRY CONTROL (reading A, FND-126)
  level 1: kappa = 2.9619, tau = 2.0944  (2.9619, 2.0944)
  level 2: kappa = 2.7506, tau = 4.6593  (2.7506, 4.6593)

LEG 1 -- CHANNEL (i): INTRINSIC CURVATURE, adjudicated verbatim
  FND-118 grants 'a homogeneous elastic rod of radius r_s carrying
  tension T0_f, with k_f = E_f A and kb = E_f I sharing one modulus'.
  No intrinsic (stress-free wound) reference state is granted.
  CHANNEL (i) IS INADMISSIBLE UNDER THE GRANTED CLASS. Recorded, not
  extended (bars B4). [Even if admitted, the T kappa imbalance of the
  tension survives any reference state; see leg 2.]

LEG 2 -- CHANNEL (ii): STATIC BENDING BALANCE
  sympy identity check (must be 0): 0
  tau^2 - kappa^2/2 = 2*pi**2*s*(3*s - 1) = 0  iff  s = [1/3]
  THE BENDING-NEUTRALITY THEOREM: the bending force density of a
  uniform helix VANISHES IDENTICALLY iff sin^2 psi = 1/3 -- THE MAGIC
  ANGLE. FND-088's level-1 winding is bending-force-neutral EXACTLY.
  level 2: tau^2 - kappa^2/2 = +17.9263 (tau-dominated: bending
  REINFORCES the inward tension imbalance)
  numeric control level 1 (magic): f_n = 2.9619 vs analytic 2.9619 (0.000%)  [PASS]
  numeric control level 2: f_n = 52.0573 vs analytic 52.0597 (0.005%)  [PASS]
  THE PURE-BENDING REFUTATION, both levels, DERIVED: static (f_n = 0)
  demands T = -kb (tau^2 - kappa^2/2): ZERO at level 1 (the theorem,
  kb-FREE) and NEGATIVE at level 2 (bending reinforces, never balances).
  The registered fibre tension is POSITIVE (3/2 T0_f, FND-126). NO
  static pure-bending equilibrium exists at EITHER level.
  THE TWIST RESCUE, the only remaining static channel: a twist moment
  C omega t can supply the balance; the frame-Kirchhoff route gives
      C omega = T/tau + kb (kappa^2/2 - tau^2)/tau
  -- kb-FREE at level 1 (the theorem): C omega = T_fibre/tau_1, one
  number [single-route, cross-check owed if the branch opens]. BOTH
  factors are UNREGISTERED (GRV-072: the twist constitutive fact never
  determined). BLOCKED, NOT REFUTED.

LEG 3 -- CHANNEL (iii): DYNAMICAL MAINTENANCE, EXHIBITED
  A rotating helix (circularly polarized wave) balances f_n by
  centripetal acceleration: mu v^2 = T + kb (tau^2 - kappa^2/2)
  (along-fibre speed). AT LEVEL 1 THE SAME THEOREM DELETES kb:
      v_1 = sqrt(T_fibre/mu_f)   EXACTLY, bending-independent.
  With mu_f = T0_f/c^2 FORCED (SHIN invariant) and T_fibre = 3/2 T0_f:
      v_1 = sqrt(3/2) c = 1.2247 c   -- from registered inputs alone.
  Level 2: v_2 = sqrt(3/2 + kb (tau^2 - kappa^2/2)) c -- bending RAISES
  the level-2 wave speed (tau-dominated), kb-dependent, priced below.
  THE DYNAMICAL STATE EXISTS. The winding is realizable as a
  stationary rotating-wave state of the granted rod, exhibited at
  level 1 exactly; the nested two-level composite is the same
  construction on the level-1 backbone, named as the channel's
  residual (instrument demand: the composite build on FND-089-class
  machinery).

LEG 4 -- CHANNEL (iv): TOPOLOGICAL RIGIDITY
  Lk = Tw + Wr conserves a NUMBER; a barrier against straightening
  requires twist STIFFNESS to price the Tw <-> Wr trade -- the same
  unregistered constitutive fact (GRV-072). BLOCKED, NOT REFUTED.

LEG 5 -- VERDICT
  Channels (i): inadmissible-derived. (ii)-pure: refuted-derived (the
  bending-neutrality theorem + positive tension). (ii)-twist and (iv):
  BLOCKED at one and the same missing registration -- the twist
  channel (GRV-072). (iii): dynamical state EXHIBITED from registered
  inputs.
  PER THE LOCKED GRAMMAR: **CHANNEL-OPEN** -- the static question is
  not closed (two channels blocked, neither refuted), so NO-STATIC-
  EQUILIBRIUM is NOT declared and FND-121 CONDITION 1 DOES NOT FIRE.
  The warrant stays HELD. The resisting channels name ONE instrument
  demand between them: a registered twist-channel determination.

CONSEQUENCE LEG (numbers attach only here; clean-room lifts)
  THE TWIST SHEET, pre-registered for any future determination:
    C omega = T_fibre/tau_1 = 0.7162 T0_f a_f  (kb-free, level 1)
      -> STATIC branch: pre-stress computable, KBSAT adjudicates on numbers
    C omega != 0.7162  -> DYNAMICAL branch forced: condition 1 fires
      on that release with FND-128's reverting set executed verbatim.
  level-2 wave speed at kb = 0.079: 1.708 c (margin spend 1.71 of the 6.1x floor: inside)
  level-2 wave speed at kb = 0.126: 1.939 c (margin spend 1.94 of the 6.1x floor: inside)
  level-1 wave speed: 1.2247 c, kb-independent (the theorem).

VERDICT: CHANNEL-OPEN -- warrant held; twist channel is the gate
