ANTI-ARC -- sealed profile: 12 gated points, halt None
 i         A2         rate        V_pt    f_dir        om2      RMS
 0 0.0020024 +2.1410e-03 1.2104e-02 0.75886 -1.110632 9.0e-09
 1 0.0021736 +2.1401e-03 1.2099e-02 0.75886 -1.110633 4.7e-09
 2 0.0023448 +2.1406e-03 1.2126e-02 0.76215 -1.110633 6.6e-09
 3 0.0025162 +2.1423e-03 1.2140e-02 0.76395 -1.110633 5.1e-09
 4 0.0026875 +2.1421e-03 1.2139e-02 0.76395 -1.110633 6.9e-09
 5 0.0028589 +2.1423e-03 1.2164e-02 0.76699 -1.110633 7.7e-09
 6 0.0030303 +2.1429e-03 1.2172e-02 0.76797 -1.110634 6.5e-09
 7 0.0032018 +2.1429e-03 1.2171e-02 0.76796 -1.110634 7.6e-09
 8 0.0033732 +2.1427e-03 1.2190e-02 0.77026 -1.110634 9.2e-09
 9 0.0035446 +2.1434e-03 1.2200e-02 0.77158 -1.110634 6.3e-09
10 0.0037161 +2.1433e-03 1.2200e-02 0.77158 -1.110634 5.9e-09
11 0.0038876 +2.1433e-03 1.2200e-02 0.77156 -1.110634 8.0e-09

C1 (DISC corrected rule): f_dir rise = +0.0116  vs +0.15
** ANTI-FLAT **

DISPLAY (unsealed):
  om2 along the family: -1.110632 -> -1.110634; difference frequency -Om1/4 = -1.110721; detuning +8.83e-05 -> +8.68e-05
  Sigma_wave (price transplant, T0 units): 2.59857 -> 2.60040 over A2 0.00200 -> 0.00389  (aligned families: 2.598 -> 2.606 over 0.0019 -> 0.0051)
  max|v_total|: 1.0066 -> 1.0126  (aligned: 1.002 -> 1.028)
  A2 spacing per arc step: 1.714e-04 (aligned families at ds 0.08: ~3.5e-5)
